================================================================================
DEBUG: Test de predecir.py - Verificar opp_form
================================================================================

Jugador de prueba: I±aki Williams (ID: 1640)

================================================================================
TEST 1: PREDICCIËN DE DEFENSA (DF)
================================================================================

Resultado predicci¾n:
  Status: error
  Predicci¾n: None
  Puntos reales: None
  Explicaci¾n (primeras 300 caracteres):
    

================================================================================
TEST 2: PREDICCIËN DE MEDIOCAMPISTA (MC)
================================================================================

Resultado predicci¾n:
  Status: error
  Predicci¾n: None
  Puntos reales: None
  Explicaci¾n (primeras 300 caracteres):
    

================================================================================
TEST 3: PREDICCIËN DE DELANTERO (DT)
================================================================================

Resultado predicci¾n:
  Status: error
  Predicci¾n: None
  Puntos reales: None
  Explicaci¾n (primeras 300 caracteres):
    

================================================================================
DEBUG COMPLETADO
================================================================================
